ARM GAS  C:\Users\LENOVO~1\AppData\Local\Temp\cceA4bBt.s 			page 1


   1              		.cpu cortex-m4
   2              		.arch armv7e-m
   3              		.fpu fpv4-sp-d16
   4              		.eabi_attribute 27, 1
   5              		.eabi_attribute 28, 1
   6              		.eabi_attribute 20, 1
   7              		.eabi_attribute 21, 1
   8              		.eabi_attribute 23, 3
   9              		.eabi_attribute 24, 1
  10              		.eabi_attribute 25, 1
  11              		.eabi_attribute 26, 1
  12              		.eabi_attribute 30, 1
  13              		.eabi_attribute 34, 1
  14              		.eabi_attribute 18, 4
  15              		.file	"main.c"
  16              		.text
  17              	.Ltext0:
  18              		.cfi_sections	.debug_frame
  19              		.file 1 "Core/Src/main.c"
  20              		.section	.text.Diod,"ax",%progbits
  21              		.align	1
  22              		.global	Diod
  23              		.syntax unified
  24              		.thumb
  25              		.thumb_func
  27              	Diod:
  28              	.LVL0:
  29              	.LFB130:
   1:Core/Src/main.c **** #include "stdint.h"
   2:Core/Src/main.c **** #include "init.h"
   3:Core/Src/main.c **** 
   4:Core/Src/main.c **** uint8_t flag=0;
   5:Core/Src/main.c **** uint8_t vibor=0x1;
   6:Core/Src/main.c **** uint8_t count=1;
   7:Core/Src/main.c **** uint8_t click=0;
   8:Core/Src/main.c **** uint8_t start=1;
   9:Core/Src/main.c **** 
  10:Core/Src/main.c **** void Diod(int diod, int bit)
  11:Core/Src/main.c **** {
  30              		.loc 1 11 1 view -0
  31              		.cfi_startproc
  32              		@ args = 0, pretend = 0, frame = 0
  33              		@ frame_needed = 0, uses_anonymous_args = 0
  34              		@ link register save eliminated.
  12:Core/Src/main.c ****     unsigned int sbit=0;
  35              		.loc 1 12 5 view .LVU1
  13:Core/Src/main.c ****     unsigned int rbit=0;
  36              		.loc 1 13 5 view .LVU2
  14:Core/Src/main.c ****     if(diod==1)
  37              		.loc 1 14 5 view .LVU3
  38 0000 431E     		subs	r3, r0, #1
  39 0002 052B     		cmp	r3, #5
  40 0004 04D8     		bhi	.L2
  41 0006 DFE803F0 		tbb	[pc, r3]
  42              	.L4:
  43 000a 1E       		.byte	(.L14-.L4)/2
  44 000b 06       		.byte	(.L8-.L4)/2
ARM GAS  C:\Users\LENOVO~1\AppData\Local\Temp\cceA4bBt.s 			page 2


  45 000c 0B       		.byte	(.L7-.L4)/2
  46 000d 10       		.byte	(.L6-.L4)/2
  47 000e 15       		.byte	(.L5-.L4)/2
  48 000f 1A       		.byte	(.L3-.L4)/2
  49              		.p2align 1
  50              	.L2:
  15:Core/Src/main.c ****     {
  16:Core/Src/main.c ****         sbit=GPIO_BSRR_BS15;
  17:Core/Src/main.c ****         rbit=GPIO_BSRR_BR15;
  18:Core/Src/main.c ****     }
  19:Core/Src/main.c ****     else if(diod==2)
  20:Core/Src/main.c ****     {
  21:Core/Src/main.c ****         sbit=GPIO_BSRR_BS13;
  22:Core/Src/main.c ****         rbit=GPIO_BSRR_BR13;
  23:Core/Src/main.c ****     }
  24:Core/Src/main.c ****     else if(diod==3)
  25:Core/Src/main.c ****     {
  26:Core/Src/main.c ****         sbit=GPIO_BSRR_BS12;
  27:Core/Src/main.c ****         rbit=GPIO_BSRR_BR12;
  28:Core/Src/main.c ****     }
  29:Core/Src/main.c ****     else if(diod==4)
  30:Core/Src/main.c ****     {
  31:Core/Src/main.c ****         sbit=GPIO_BSRR_BS10;
  32:Core/Src/main.c ****         rbit=GPIO_BSRR_BR10;
  33:Core/Src/main.c ****     }
  34:Core/Src/main.c ****     else if(diod==5)
  35:Core/Src/main.c ****     {
  36:Core/Src/main.c ****         sbit=GPIO_BSRR_BS11;
  37:Core/Src/main.c ****         rbit=GPIO_BSRR_BR11;
  38:Core/Src/main.c ****     }
  39:Core/Src/main.c ****     else if(diod==6)
  40:Core/Src/main.c ****     {
  41:Core/Src/main.c ****         sbit=GPIO_BSRR_BS0;
  51              		.loc 1 41 13 is_stmt 0 view .LVU4
  52 0010 0022     		movs	r2, #0
  53 0012 1346     		mov	r3, r2
  54 0014 1BE0     		b	.L9
  55              	.L8:
  11:Core/Src/main.c ****     unsigned int sbit=0;
  56              		.loc 1 11 1 view .LVU5
  57 0016 4FF00052 		mov	r2, #536870912
  58 001a 4FF40053 		mov	r3, #8192
  59 001e 16E0     		b	.L9
  60              	.L7:
  61 0020 4FF08052 		mov	r2, #268435456
  62 0024 4FF48053 		mov	r3, #4096
  63 0028 11E0     		b	.L9
  64              	.L6:
  65 002a 4FF08062 		mov	r2, #67108864
  66 002e 4FF48063 		mov	r3, #1024
  67 0032 0CE0     		b	.L9
  68              	.L5:
  69 0034 4FF00062 		mov	r2, #134217728
  70 0038 4FF40063 		mov	r3, #2048
  71 003c 07E0     		b	.L9
  72              	.L3:
  73              		.loc 1 41 9 is_stmt 1 view .LVU6
ARM GAS  C:\Users\LENOVO~1\AppData\Local\Temp\cceA4bBt.s 			page 3


  74              	.LVL1:
  42:Core/Src/main.c ****         rbit=GPIO_BSRR_BR0;
  75              		.loc 1 42 9 view .LVU7
  76              		.loc 1 42 13 is_stmt 0 view .LVU8
  77 003e 4FF48032 		mov	r2, #65536
  41:Core/Src/main.c ****         rbit=GPIO_BSRR_BR0;
  78              		.loc 1 41 13 view .LVU9
  79 0042 0123     		movs	r3, #1
  80 0044 03E0     		b	.L9
  81              	.LVL2:
  82              	.L14:
  11:Core/Src/main.c ****     unsigned int sbit=0;
  83              		.loc 1 11 1 view .LVU10
  84 0046 4FF00042 		mov	r2, #-2147483648
  85 004a 4FF40043 		mov	r3, #32768
  86              	.LVL3:
  87              	.L9:
  43:Core/Src/main.c ****     }
  44:Core/Src/main.c ****     if(bit==1)
  88              		.loc 1 44 5 is_stmt 1 view .LVU11
  89              		.loc 1 44 7 is_stmt 0 view .LVU12
  90 004e 0129     		cmp	r1, #1
  91 0050 06D0     		beq	.L15
  45:Core/Src/main.c ****     {
  46:Core/Src/main.c ****         if(diod==1)
  47:Core/Src/main.c ****         {
  48:Core/Src/main.c ****             *(uint32_t*)(0x40020400UL+0x18UL)|=(0x1UL<<15);
  49:Core/Src/main.c ****         }
  50:Core/Src/main.c ****         else
  51:Core/Src/main.c ****         {
  52:Core/Src/main.c ****             SET_BIT(GPIOB->BSRR, sbit);
  53:Core/Src/main.c ****         }
  54:Core/Src/main.c ****     }
  55:Core/Src/main.c ****     else
  56:Core/Src/main.c ****     {
  57:Core/Src/main.c ****         if(diod==1)
  92              		.loc 1 57 9 is_stmt 1 view .LVU13
  93              		.loc 1 57 11 is_stmt 0 view .LVU14
  94 0052 0128     		cmp	r0, #1
  95 0054 13D0     		beq	.L16
  58:Core/Src/main.c ****         {
  59:Core/Src/main.c ****             *(uint32_t*)(0x40020400UL+0x18UL)|=(0x1UL<<31);
  60:Core/Src/main.c ****         }
  61:Core/Src/main.c ****         else
  62:Core/Src/main.c ****         {
  63:Core/Src/main.c ****             SET_BIT(GPIOB->BSRR, rbit);
  96              		.loc 1 63 13 is_stmt 1 view .LVU15
  97 0056 0E49     		ldr	r1, .L18
  98              	.LVL4:
  99              		.loc 1 63 13 is_stmt 0 view .LVU16
 100 0058 8B69     		ldr	r3, [r1, #24]
 101              	.LVL5:
 102              		.loc 1 63 13 view .LVU17
 103 005a 1343     		orrs	r3, r3, r2
 104 005c 8B61     		str	r3, [r1, #24]
  64:Core/Src/main.c ****         }
  65:Core/Src/main.c ****     }
ARM GAS  C:\Users\LENOVO~1\AppData\Local\Temp\cceA4bBt.s 			page 4


  66:Core/Src/main.c **** }
 105              		.loc 1 66 1 view .LVU18
 106 005e 7047     		bx	lr
 107              	.LVL6:
 108              	.L15:
  46:Core/Src/main.c ****         {
 109              		.loc 1 46 9 is_stmt 1 view .LVU19
  46:Core/Src/main.c ****         {
 110              		.loc 1 46 11 is_stmt 0 view .LVU20
 111 0060 0128     		cmp	r0, #1
 112 0062 04D0     		beq	.L17
  52:Core/Src/main.c ****         }
 113              		.loc 1 52 13 is_stmt 1 view .LVU21
 114 0064 0A49     		ldr	r1, .L18
 115              	.LVL7:
  52:Core/Src/main.c ****         }
 116              		.loc 1 52 13 is_stmt 0 view .LVU22
 117 0066 8A69     		ldr	r2, [r1, #24]
 118              	.LVL8:
  52:Core/Src/main.c ****         }
 119              		.loc 1 52 13 view .LVU23
 120 0068 1343     		orrs	r3, r3, r2
 121              	.LVL9:
  52:Core/Src/main.c ****         }
 122              		.loc 1 52 13 view .LVU24
 123 006a 8B61     		str	r3, [r1, #24]
 124 006c 7047     		bx	lr
 125              	.LVL10:
 126              	.L17:
  48:Core/Src/main.c ****         }
 127              		.loc 1 48 13 is_stmt 1 view .LVU25
 128 006e 094A     		ldr	r2, .L18+4
 129              	.LVL11:
  48:Core/Src/main.c ****         }
 130              		.loc 1 48 13 is_stmt 0 view .LVU26
 131 0070 D2F81834 		ldr	r3, [r2, #1048]
 132              	.LVL12:
  48:Core/Src/main.c ****         }
 133              		.loc 1 48 46 view .LVU27
 134 0074 43F40043 		orr	r3, r3, #32768
 135 0078 C2F81834 		str	r3, [r2, #1048]
 136 007c 7047     		bx	lr
 137              	.LVL13:
 138              	.L16:
  59:Core/Src/main.c ****         }
 139              		.loc 1 59 13 is_stmt 1 view .LVU28
 140 007e 054A     		ldr	r2, .L18+4
 141              	.LVL14:
  59:Core/Src/main.c ****         }
 142              		.loc 1 59 13 is_stmt 0 view .LVU29
 143 0080 D2F81834 		ldr	r3, [r2, #1048]
 144              	.LVL15:
  59:Core/Src/main.c ****         }
 145              		.loc 1 59 46 view .LVU30
 146 0084 43F00043 		orr	r3, r3, #-2147483648
 147 0088 C2F81834 		str	r3, [r2, #1048]
 148 008c 7047     		bx	lr
ARM GAS  C:\Users\LENOVO~1\AppData\Local\Temp\cceA4bBt.s 			page 5


 149              	.L19:
 150 008e 00BF     		.align	2
 151              	.L18:
 152 0090 00040240 		.word	1073873920
 153 0094 00000240 		.word	1073872896
 154              		.cfi_endproc
 155              	.LFE130:
 157              		.section	.text.Start,"ax",%progbits
 158              		.align	1
 159              		.global	Start
 160              		.syntax unified
 161              		.thumb
 162              		.thumb_func
 164              	Start:
 165              	.LFB131:
  67:Core/Src/main.c **** 
  68:Core/Src/main.c **** void Start()
  69:Core/Src/main.c **** {
 166              		.loc 1 69 1 is_stmt 1 view -0
 167              		.cfi_startproc
 168              		@ args = 0, pretend = 0, frame = 0
 169              		@ frame_needed = 0, uses_anonymous_args = 0
 170 0000 08B5     		push	{r3, lr}
 171              	.LCFI0:
 172              		.cfi_def_cfa_offset 8
 173              		.cfi_offset 3, -8
 174              		.cfi_offset 14, -4
  70:Core/Src/main.c ****     if((vibor&0x1)==0x1)
 175              		.loc 1 70 5 view .LVU32
 176              		.loc 1 70 14 is_stmt 0 view .LVU33
 177 0002 2A4B     		ldr	r3, .L34
 178 0004 1B78     		ldrb	r3, [r3]	@ zero_extendqisi2
 179              		.loc 1 70 7 view .LVU34
 180 0006 13F0010F 		tst	r3, #1
 181 000a 31D0     		beq	.L21
  71:Core/Src/main.c ****     {
  72:Core/Src/main.c ****         Diod(1, 1);
 182              		.loc 1 72 9 is_stmt 1 view .LVU35
 183 000c 0121     		movs	r1, #1
 184 000e 0846     		mov	r0, r1
 185 0010 FFF7FEFF 		bl	Diod
 186              	.LVL16:
 187              	.L22:
  73:Core/Src/main.c ****     }
  74:Core/Src/main.c ****     else if((vibor&0x1)!=0x1)
  75:Core/Src/main.c ****     {
  76:Core/Src/main.c ****         Diod(1, 0);
  77:Core/Src/main.c ****     }
  78:Core/Src/main.c ****     if((vibor&0x2)==0x2)
 188              		.loc 1 78 5 view .LVU36
 189              		.loc 1 78 14 is_stmt 0 view .LVU37
 190 0014 254B     		ldr	r3, .L34
 191 0016 1B78     		ldrb	r3, [r3]	@ zero_extendqisi2
 192              		.loc 1 78 7 view .LVU38
 193 0018 13F0020F 		tst	r3, #2
 194 001c 2DD0     		beq	.L23
  79:Core/Src/main.c ****     {
ARM GAS  C:\Users\LENOVO~1\AppData\Local\Temp\cceA4bBt.s 			page 6


  80:Core/Src/main.c ****         Diod(2, 1);
 195              		.loc 1 80 9 is_stmt 1 view .LVU39
 196 001e 0121     		movs	r1, #1
 197 0020 0220     		movs	r0, #2
 198 0022 FFF7FEFF 		bl	Diod
 199              	.LVL17:
 200              	.L24:
  81:Core/Src/main.c ****     }
  82:Core/Src/main.c ****     else if((vibor&0x2)!=0x2)
  83:Core/Src/main.c ****     {
  84:Core/Src/main.c ****         Diod(2, 0);
  85:Core/Src/main.c ****     }
  86:Core/Src/main.c ****     if((vibor&0x4)==0x4)
 201              		.loc 1 86 5 view .LVU40
 202              		.loc 1 86 14 is_stmt 0 view .LVU41
 203 0026 214B     		ldr	r3, .L34
 204 0028 1B78     		ldrb	r3, [r3]	@ zero_extendqisi2
 205              		.loc 1 86 7 view .LVU42
 206 002a 13F0040F 		tst	r3, #4
 207 002e 29D0     		beq	.L25
  87:Core/Src/main.c ****     {
  88:Core/Src/main.c ****         Diod(3, 1);
 208              		.loc 1 88 9 is_stmt 1 view .LVU43
 209 0030 0121     		movs	r1, #1
 210 0032 0320     		movs	r0, #3
 211 0034 FFF7FEFF 		bl	Diod
 212              	.LVL18:
 213              	.L26:
  89:Core/Src/main.c ****     }
  90:Core/Src/main.c ****     else if((vibor&0x4)!=0x4)
  91:Core/Src/main.c ****     {
  92:Core/Src/main.c ****         Diod(3, 0);
  93:Core/Src/main.c ****     }
  94:Core/Src/main.c ****     if((vibor&0x8)==0x8)
 214              		.loc 1 94 5 view .LVU44
 215              		.loc 1 94 14 is_stmt 0 view .LVU45
 216 0038 1C4B     		ldr	r3, .L34
 217 003a 1B78     		ldrb	r3, [r3]	@ zero_extendqisi2
 218              		.loc 1 94 7 view .LVU46
 219 003c 13F0080F 		tst	r3, #8
 220 0040 25D0     		beq	.L27
  95:Core/Src/main.c ****     {
  96:Core/Src/main.c ****         Diod(4, 1);
 221              		.loc 1 96 9 is_stmt 1 view .LVU47
 222 0042 0121     		movs	r1, #1
 223 0044 0420     		movs	r0, #4
 224 0046 FFF7FEFF 		bl	Diod
 225              	.LVL19:
 226              	.L28:
  97:Core/Src/main.c ****     }
  98:Core/Src/main.c ****     else if((vibor&0x8)!=0x8)
  99:Core/Src/main.c ****     {
 100:Core/Src/main.c ****         Diod(4, 0);
 101:Core/Src/main.c ****     }
 102:Core/Src/main.c ****     if((vibor&0x10)==0x10)
 227              		.loc 1 102 5 view .LVU48
 228              		.loc 1 102 14 is_stmt 0 view .LVU49
ARM GAS  C:\Users\LENOVO~1\AppData\Local\Temp\cceA4bBt.s 			page 7


 229 004a 184B     		ldr	r3, .L34
 230 004c 1B78     		ldrb	r3, [r3]	@ zero_extendqisi2
 231              		.loc 1 102 7 view .LVU50
 232 004e 13F0100F 		tst	r3, #16
 233 0052 21D0     		beq	.L29
 103:Core/Src/main.c ****     {
 104:Core/Src/main.c ****         Diod(5, 1);
 234              		.loc 1 104 9 is_stmt 1 view .LVU51
 235 0054 0121     		movs	r1, #1
 236 0056 0520     		movs	r0, #5
 237 0058 FFF7FEFF 		bl	Diod
 238              	.LVL20:
 239              	.L30:
 105:Core/Src/main.c ****     }
 106:Core/Src/main.c ****     else if((vibor&0x10)!=0x10)
 107:Core/Src/main.c ****     {
 108:Core/Src/main.c ****         Diod(5, 0);
 109:Core/Src/main.c ****     }
 110:Core/Src/main.c ****     if((vibor&0x20)==0x20)
 240              		.loc 1 110 5 view .LVU52
 241              		.loc 1 110 14 is_stmt 0 view .LVU53
 242 005c 134B     		ldr	r3, .L34
 243 005e 1B78     		ldrb	r3, [r3]	@ zero_extendqisi2
 244              		.loc 1 110 7 view .LVU54
 245 0060 13F0200F 		tst	r3, #32
 246 0064 1DD0     		beq	.L31
 111:Core/Src/main.c ****     {
 112:Core/Src/main.c ****         Diod(6, 1);
 247              		.loc 1 112 9 is_stmt 1 view .LVU55
 248 0066 0121     		movs	r1, #1
 249 0068 0620     		movs	r0, #6
 250 006a FFF7FEFF 		bl	Diod
 251              	.LVL21:
 252              	.L20:
 113:Core/Src/main.c ****     }
 114:Core/Src/main.c ****     else if((vibor&0x20)!=0x20)
 115:Core/Src/main.c ****     {
 116:Core/Src/main.c ****         Diod(6, 0);
 117:Core/Src/main.c ****     }
 118:Core/Src/main.c **** }
 253              		.loc 1 118 1 is_stmt 0 view .LVU56
 254 006e 08BD     		pop	{r3, pc}
 255              	.L21:
  74:Core/Src/main.c ****     {
 256              		.loc 1 74 10 is_stmt 1 view .LVU57
  76:Core/Src/main.c ****     }
 257              		.loc 1 76 9 view .LVU58
 258 0070 0021     		movs	r1, #0
 259 0072 0120     		movs	r0, #1
 260 0074 FFF7FEFF 		bl	Diod
 261              	.LVL22:
 262 0078 CCE7     		b	.L22
 263              	.L23:
  82:Core/Src/main.c ****     {
 264              		.loc 1 82 10 view .LVU59
  84:Core/Src/main.c ****     }
 265              		.loc 1 84 9 view .LVU60
ARM GAS  C:\Users\LENOVO~1\AppData\Local\Temp\cceA4bBt.s 			page 8


 266 007a 0021     		movs	r1, #0
 267 007c 0220     		movs	r0, #2
 268 007e FFF7FEFF 		bl	Diod
 269              	.LVL23:
 270 0082 D0E7     		b	.L24
 271              	.L25:
  90:Core/Src/main.c ****     {
 272              		.loc 1 90 10 view .LVU61
  92:Core/Src/main.c ****     }
 273              		.loc 1 92 9 view .LVU62
 274 0084 0021     		movs	r1, #0
 275 0086 0320     		movs	r0, #3
 276 0088 FFF7FEFF 		bl	Diod
 277              	.LVL24:
 278 008c D4E7     		b	.L26
 279              	.L27:
  98:Core/Src/main.c ****     {
 280              		.loc 1 98 10 view .LVU63
 100:Core/Src/main.c ****     }
 281              		.loc 1 100 9 view .LVU64
 282 008e 0021     		movs	r1, #0
 283 0090 0420     		movs	r0, #4
 284 0092 FFF7FEFF 		bl	Diod
 285              	.LVL25:
 286 0096 D8E7     		b	.L28
 287              	.L29:
 106:Core/Src/main.c ****     {
 288              		.loc 1 106 10 view .LVU65
 108:Core/Src/main.c ****     }
 289              		.loc 1 108 9 view .LVU66
 290 0098 0021     		movs	r1, #0
 291 009a 0520     		movs	r0, #5
 292 009c FFF7FEFF 		bl	Diod
 293              	.LVL26:
 294 00a0 DCE7     		b	.L30
 295              	.L31:
 114:Core/Src/main.c ****     {
 296              		.loc 1 114 10 view .LVU67
 116:Core/Src/main.c ****     }
 297              		.loc 1 116 9 view .LVU68
 298 00a2 0021     		movs	r1, #0
 299 00a4 0620     		movs	r0, #6
 300 00a6 FFF7FEFF 		bl	Diod
 301              	.LVL27:
 302              		.loc 1 118 1 is_stmt 0 view .LVU69
 303 00aa E0E7     		b	.L20
 304              	.L35:
 305              		.align	2
 306              	.L34:
 307 00ac 00000000 		.word	vibor
 308              		.cfi_endproc
 309              	.LFE131:
 311              		.section	.text.Click,"ax",%progbits
 312              		.align	1
 313              		.global	Click
 314              		.syntax unified
 315              		.thumb
ARM GAS  C:\Users\LENOVO~1\AppData\Local\Temp\cceA4bBt.s 			page 9


 316              		.thumb_func
 318              	Click:
 319              	.LFB132:
 119:Core/Src/main.c **** 
 120:Core/Src/main.c **** 
 121:Core/Src/main.c **** void Click()
 122:Core/Src/main.c **** {
 320              		.loc 1 122 1 is_stmt 1 view -0
 321              		.cfi_startproc
 322              		@ args = 0, pretend = 0, frame = 0
 323              		@ frame_needed = 0, uses_anonymous_args = 0
 324 0000 08B5     		push	{r3, lr}
 325              	.LCFI1:
 326              		.cfi_def_cfa_offset 8
 327              		.cfi_offset 3, -8
 328              		.cfi_offset 14, -4
 123:Core/Src/main.c ****     for(int i=0;i<count;i++)
 329              		.loc 1 123 5 view .LVU71
 330              	.LBB2:
 331              		.loc 1 123 9 view .LVU72
 332              	.LVL28:
 333              		.loc 1 123 13 is_stmt 0 view .LVU73
 334 0002 0022     		movs	r2, #0
 335              		.loc 1 123 5 view .LVU74
 336 0004 00E0     		b	.L37
 337              	.LVL29:
 338              	.L38:
 339              		.loc 1 123 26 is_stmt 1 discriminator 2 view .LVU75
 340 0006 0132     		adds	r2, r2, #1
 341              	.LVL30:
 342              	.L37:
 343              		.loc 1 123 18 discriminator 1 view .LVU76
 344 0008 114B     		ldr	r3, .L45
 345 000a 1B78     		ldrb	r3, [r3]	@ zero_extendqisi2
 346 000c 9342     		cmp	r3, r2
 347 000e 0DDD     		ble	.L43
 124:Core/Src/main.c ****     {
 125:Core/Src/main.c ****         vibor=vibor<<1;
 348              		.loc 1 125 9 view .LVU77
 349              		.loc 1 125 20 is_stmt 0 view .LVU78
 350 0010 1049     		ldr	r1, .L45+4
 351 0012 0B78     		ldrb	r3, [r1]	@ zero_extendqisi2
 352 0014 5B00     		lsls	r3, r3, #1
 353 0016 DBB2     		uxtb	r3, r3
 354              		.loc 1 125 14 view .LVU79
 355 0018 0B70     		strb	r3, [r1]
 126:Core/Src/main.c ****         if((vibor&0x40)==0x40)
 356              		.loc 1 126 9 is_stmt 1 view .LVU80
 357              		.loc 1 126 11 is_stmt 0 view .LVU81
 358 001a 13F0400F 		tst	r3, #64
 359 001e F2D0     		beq	.L38
 127:Core/Src/main.c ****         {
 128:Core/Src/main.c ****             vibor=((vibor&(~0x40)))|0x01;
 360              		.loc 1 128 13 is_stmt 1 view .LVU82
 361              		.loc 1 128 18 is_stmt 0 view .LVU83
 362 0020 23F04103 		bic	r3, r3, #65
 363 0024 43F00103 		orr	r3, r3, #1
ARM GAS  C:\Users\LENOVO~1\AppData\Local\Temp\cceA4bBt.s 			page 10


 364 0028 0B70     		strb	r3, [r1]
 365 002a ECE7     		b	.L38
 366              	.L43:
 367              	.LBE2:
 129:Core/Src/main.c ****         }
 130:Core/Src/main.c ****     }
 131:Core/Src/main.c ****     if(count==6)
 368              		.loc 1 131 5 is_stmt 1 view .LVU84
 369              		.loc 1 131 7 is_stmt 0 view .LVU85
 370 002c 062B     		cmp	r3, #6
 371 002e 02D0     		beq	.L44
 372              	.LVL31:
 373              	.L40:
 132:Core/Src/main.c ****     {
 133:Core/Src/main.c ****         if(vibor==0x0)
 134:Core/Src/main.c ****         {
 135:Core/Src/main.c ****             vibor=0x3F;
 136:Core/Src/main.c ****         }
 137:Core/Src/main.c ****         else if(vibor==0x3F)
 138:Core/Src/main.c ****         {
 139:Core/Src/main.c ****             vibor=0x0;
 140:Core/Src/main.c ****         }
 141:Core/Src/main.c ****     }
 142:Core/Src/main.c ****     Start();
 374              		.loc 1 142 5 is_stmt 1 view .LVU86
 375 0030 FFF7FEFF 		bl	Start
 376              	.LVL32:
 143:Core/Src/main.c **** }
 377              		.loc 1 143 1 is_stmt 0 view .LVU87
 378 0034 08BD     		pop	{r3, pc}
 379              	.LVL33:
 380              	.L44:
 133:Core/Src/main.c ****         {
 381              		.loc 1 133 9 is_stmt 1 view .LVU88
 133:Core/Src/main.c ****         {
 382              		.loc 1 133 17 is_stmt 0 view .LVU89
 383 0036 074B     		ldr	r3, .L45+4
 384 0038 1B78     		ldrb	r3, [r3]	@ zero_extendqisi2
 133:Core/Src/main.c ****         {
 385              		.loc 1 133 11 view .LVU90
 386 003a 1BB9     		cbnz	r3, .L41
 135:Core/Src/main.c ****         }
 387              		.loc 1 135 13 is_stmt 1 view .LVU91
 135:Core/Src/main.c ****         }
 388              		.loc 1 135 18 is_stmt 0 view .LVU92
 389 003c 054B     		ldr	r3, .L45+4
 390 003e 3F22     		movs	r2, #63
 391              	.LVL34:
 135:Core/Src/main.c ****         }
 392              		.loc 1 135 18 view .LVU93
 393 0040 1A70     		strb	r2, [r3]
 394 0042 F5E7     		b	.L40
 395              	.LVL35:
 396              	.L41:
 137:Core/Src/main.c ****         {
 397              		.loc 1 137 14 is_stmt 1 view .LVU94
 137:Core/Src/main.c ****         {
ARM GAS  C:\Users\LENOVO~1\AppData\Local\Temp\cceA4bBt.s 			page 11


 398              		.loc 1 137 16 is_stmt 0 view .LVU95
 399 0044 3F2B     		cmp	r3, #63
 400 0046 F3D1     		bne	.L40
 139:Core/Src/main.c ****         }
 401              		.loc 1 139 13 is_stmt 1 view .LVU96
 139:Core/Src/main.c ****         }
 402              		.loc 1 139 18 is_stmt 0 view .LVU97
 403 0048 024B     		ldr	r3, .L45+4
 404 004a 0022     		movs	r2, #0
 405              	.LVL36:
 139:Core/Src/main.c ****         }
 406              		.loc 1 139 18 view .LVU98
 407 004c 1A70     		strb	r2, [r3]
 408 004e EFE7     		b	.L40
 409              	.L46:
 410              		.align	2
 411              	.L45:
 412 0050 00000000 		.word	count
 413 0054 00000000 		.word	vibor
 414              		.cfi_endproc
 415              	.LFE132:
 417              		.section	.text.main,"ax",%progbits
 418              		.align	1
 419              		.global	main
 420              		.syntax unified
 421              		.thumb
 422              		.thumb_func
 424              	main:
 425              	.LFB133:
 144:Core/Src/main.c **** 
 145:Core/Src/main.c **** int main(void)
 146:Core/Src/main.c **** {
 426              		.loc 1 146 1 is_stmt 1 view -0
 427              		.cfi_startproc
 428              		@ Volatile: function does not return.
 429              		@ args = 0, pretend = 0, frame = 0
 430              		@ frame_needed = 0, uses_anonymous_args = 0
 431 0000 08B5     		push	{r3, lr}
 432              	.LCFI2:
 433              		.cfi_def_cfa_offset 8
 434              		.cfi_offset 3, -8
 435              		.cfi_offset 14, -4
 147:Core/Src/main.c ****     GPIO_Ini();
 436              		.loc 1 147 5 view .LVU100
 437 0002 FFF7FEFF 		bl	GPIO_Ini
 438              	.LVL37:
 439 0006 4AE0     		b	.L59
 440              	.L49:
 148:Core/Src/main.c ****     while(1)
 149:Core/Src/main.c ****     {
 150:Core/Src/main.c ****         if(READ_BIT(GPIOC->IDR, GPIO_IDR_IDR_8)==0)
 151:Core/Src/main.c ****         {
 152:Core/Src/main.c ****             if(flag!=2)
 153:Core/Src/main.c ****             {
 154:Core/Src/main.c ****                 flag=1;
 155:Core/Src/main.c ****             }
 156:Core/Src/main.c ****         }
ARM GAS  C:\Users\LENOVO~1\AppData\Local\Temp\cceA4bBt.s 			page 12


 157:Core/Src/main.c ****         else
 158:Core/Src/main.c ****         {
 159:Core/Src/main.c ****             flag=0;
 441              		.loc 1 159 13 view .LVU101
 442              		.loc 1 159 17 is_stmt 0 view .LVU102
 443 0008 334B     		ldr	r3, .L66
 444 000a 0022     		movs	r2, #0
 445 000c 1A70     		strb	r2, [r3]
 446              	.L50:
 160:Core/Src/main.c ****         }
 161:Core/Src/main.c ****         if(flag==1)
 447              		.loc 1 161 9 is_stmt 1 view .LVU103
 448              		.loc 1 161 16 is_stmt 0 view .LVU104
 449 000e 324B     		ldr	r3, .L66
 450 0010 1B78     		ldrb	r3, [r3]	@ zero_extendqisi2
 451              		.loc 1 161 11 view .LVU105
 452 0012 012B     		cmp	r3, #1
 453 0014 0CD0     		beq	.L63
 454              	.L51:
 162:Core/Src/main.c ****         {
 163:Core/Src/main.c ****             flag=2;
 164:Core/Src/main.c ****             count++;
 165:Core/Src/main.c ****             while ((vibor&0x1)==0x1)
 166:Core/Src/main.c ****             {
 167:Core/Src/main.c ****                 vibor=vibor<<1;
 168:Core/Src/main.c ****                 if((vibor&0x40)==0x40)
 169:Core/Src/main.c ****                 {
 170:Core/Src/main.c ****                     if(vibor!=0x7E)
 171:Core/Src/main.c ****                     {
 172:Core/Src/main.c ****                         vibor=((vibor&(~0x40))|0x1);
 173:Core/Src/main.c ****                     }
 174:Core/Src/main.c ****                     else
 175:Core/Src/main.c ****                     {
 176:Core/Src/main.c ****                         vibor=((vibor&(~0x40)));
 177:Core/Src/main.c ****                     }
 178:Core/Src/main.c ****                 }
 179:Core/Src/main.c ****             }
 180:Core/Src/main.c ****             vibor|=0x1;
 181:Core/Src/main.c ****             start=1;
 182:Core/Src/main.c ****             if(count>6)
 183:Core/Src/main.c ****             {
 184:Core/Src/main.c ****                 vibor=0x1;
 185:Core/Src/main.c ****                 count=1;
 186:Core/Src/main.c ****             }
 187:Core/Src/main.c ****         }
 188:Core/Src/main.c **** 
 189:Core/Src/main.c ****         if(READ_BIT(GPIOC->IDR, GPIO_IDR_IDR_9)==0)
 455              		.loc 1 189 9 is_stmt 1 view .LVU106
 456              		.loc 1 189 12 is_stmt 0 view .LVU107
 457 0016 314B     		ldr	r3, .L66+4
 458 0018 1B69     		ldr	r3, [r3, #16]
 459              		.loc 1 189 11 view .LVU108
 460 001a 13F4007F 		tst	r3, #512
 461 001e 37D1     		bne	.L57
 190:Core/Src/main.c ****         {
 191:Core/Src/main.c ****             if(click!=2)
 462              		.loc 1 191 13 is_stmt 1 view .LVU109
ARM GAS  C:\Users\LENOVO~1\AppData\Local\Temp\cceA4bBt.s 			page 13


 463              		.loc 1 191 21 is_stmt 0 view .LVU110
 464 0020 2F4B     		ldr	r3, .L66+8
 465 0022 1B78     		ldrb	r3, [r3]	@ zero_extendqisi2
 466              		.loc 1 191 15 view .LVU111
 467 0024 022B     		cmp	r3, #2
 468 0026 36D0     		beq	.L58
 192:Core/Src/main.c ****             {
 193:Core/Src/main.c ****                 click=1;
 469              		.loc 1 193 17 is_stmt 1 view .LVU112
 470              		.loc 1 193 22 is_stmt 0 view .LVU113
 471 0028 2D4B     		ldr	r3, .L66+8
 472 002a 0122     		movs	r2, #1
 473 002c 1A70     		strb	r2, [r3]
 474 002e 32E0     		b	.L58
 475              	.L63:
 163:Core/Src/main.c ****             count++;
 476              		.loc 1 163 13 is_stmt 1 view .LVU114
 163:Core/Src/main.c ****             count++;
 477              		.loc 1 163 17 is_stmt 0 view .LVU115
 478 0030 294B     		ldr	r3, .L66
 479 0032 0222     		movs	r2, #2
 480 0034 1A70     		strb	r2, [r3]
 164:Core/Src/main.c ****             while ((vibor&0x1)==0x1)
 481              		.loc 1 164 13 is_stmt 1 view .LVU116
 164:Core/Src/main.c ****             while ((vibor&0x1)==0x1)
 482              		.loc 1 164 18 is_stmt 0 view .LVU117
 483 0036 2B4B     		ldr	r3, .L66+12
 484 0038 1978     		ldrb	r1, [r3]	@ zero_extendqisi2
 485 003a 0131     		adds	r1, r1, #1
 486 003c C9B2     		uxtb	r1, r1
 487 003e 1970     		strb	r1, [r3]
 165:Core/Src/main.c ****             {
 488              		.loc 1 165 13 is_stmt 1 view .LVU118
 489              	.L53:
 165:Core/Src/main.c ****             {
 490              		.loc 1 165 31 view .LVU119
 165:Core/Src/main.c ****             {
 491              		.loc 1 165 26 is_stmt 0 view .LVU120
 492 0040 294B     		ldr	r3, .L66+16
 493 0042 1B78     		ldrb	r3, [r3]	@ zero_extendqisi2
 165:Core/Src/main.c ****             {
 494              		.loc 1 165 31 view .LVU121
 495 0044 13F0010F 		tst	r3, #1
 496 0048 13D0     		beq	.L64
 167:Core/Src/main.c ****                 if((vibor&0x40)==0x40)
 497              		.loc 1 167 17 is_stmt 1 view .LVU122
 167:Core/Src/main.c ****                 if((vibor&0x40)==0x40)
 498              		.loc 1 167 28 is_stmt 0 view .LVU123
 499 004a 5B00     		lsls	r3, r3, #1
 500 004c DBB2     		uxtb	r3, r3
 167:Core/Src/main.c ****                 if((vibor&0x40)==0x40)
 501              		.loc 1 167 22 view .LVU124
 502 004e 264A     		ldr	r2, .L66+16
 503 0050 1370     		strb	r3, [r2]
 168:Core/Src/main.c ****                 {
 504              		.loc 1 168 17 is_stmt 1 view .LVU125
 168:Core/Src/main.c ****                 {
ARM GAS  C:\Users\LENOVO~1\AppData\Local\Temp\cceA4bBt.s 			page 14


 505              		.loc 1 168 19 is_stmt 0 view .LVU126
 506 0052 13F0400F 		tst	r3, #64
 507 0056 F3D0     		beq	.L53
 170:Core/Src/main.c ****                     {
 508              		.loc 1 170 21 is_stmt 1 view .LVU127
 170:Core/Src/main.c ****                     {
 509              		.loc 1 170 23 is_stmt 0 view .LVU128
 510 0058 7E2B     		cmp	r3, #126
 511 005a 05D0     		beq	.L54
 172:Core/Src/main.c ****                     }
 512              		.loc 1 172 25 is_stmt 1 view .LVU129
 172:Core/Src/main.c ****                     }
 513              		.loc 1 172 30 is_stmt 0 view .LVU130
 514 005c 23F04103 		bic	r3, r3, #65
 515 0060 43F00103 		orr	r3, r3, #1
 516 0064 1370     		strb	r3, [r2]
 517 0066 EBE7     		b	.L53
 518              	.L54:
 176:Core/Src/main.c ****                     }
 519              		.loc 1 176 25 is_stmt 1 view .LVU131
 176:Core/Src/main.c ****                     }
 520              		.loc 1 176 38 is_stmt 0 view .LVU132
 521 0068 03F0BE03 		and	r3, r3, #190
 176:Core/Src/main.c ****                     }
 522              		.loc 1 176 30 view .LVU133
 523 006c 1E4A     		ldr	r2, .L66+16
 524 006e 1370     		strb	r3, [r2]
 525 0070 E6E7     		b	.L53
 526              	.L64:
 180:Core/Src/main.c ****             start=1;
 527              		.loc 1 180 13 is_stmt 1 view .LVU134
 180:Core/Src/main.c ****             start=1;
 528              		.loc 1 180 18 is_stmt 0 view .LVU135
 529 0072 43F00103 		orr	r3, r3, #1
 530 0076 1C4A     		ldr	r2, .L66+16
 531 0078 1370     		strb	r3, [r2]
 181:Core/Src/main.c ****             if(count>6)
 532              		.loc 1 181 13 is_stmt 1 view .LVU136
 181:Core/Src/main.c ****             if(count>6)
 533              		.loc 1 181 18 is_stmt 0 view .LVU137
 534 007a 1C4B     		ldr	r3, .L66+20
 535 007c 0122     		movs	r2, #1
 536 007e 1A70     		strb	r2, [r3]
 182:Core/Src/main.c ****             {
 537              		.loc 1 182 13 is_stmt 1 view .LVU138
 182:Core/Src/main.c ****             {
 538              		.loc 1 182 15 is_stmt 0 view .LVU139
 539 0080 0629     		cmp	r1, #6
 540 0082 C8D9     		bls	.L51
 184:Core/Src/main.c ****                 count=1;
 541              		.loc 1 184 17 is_stmt 1 view .LVU140
 184:Core/Src/main.c ****                 count=1;
 542              		.loc 1 184 22 is_stmt 0 view .LVU141
 543 0084 1346     		mov	r3, r2
 544 0086 184A     		ldr	r2, .L66+16
 545 0088 1370     		strb	r3, [r2]
 185:Core/Src/main.c ****             }
ARM GAS  C:\Users\LENOVO~1\AppData\Local\Temp\cceA4bBt.s 			page 15


 546              		.loc 1 185 17 is_stmt 1 view .LVU142
 185:Core/Src/main.c ****             }
 547              		.loc 1 185 22 is_stmt 0 view .LVU143
 548 008a 164A     		ldr	r2, .L66+12
 549 008c 1370     		strb	r3, [r2]
 550 008e C2E7     		b	.L51
 551              	.L57:
 194:Core/Src/main.c ****             }
 195:Core/Src/main.c ****         }
 196:Core/Src/main.c ****         else
 197:Core/Src/main.c ****         {
 198:Core/Src/main.c ****             click=0;
 552              		.loc 1 198 13 is_stmt 1 view .LVU144
 553              		.loc 1 198 18 is_stmt 0 view .LVU145
 554 0090 134B     		ldr	r3, .L66+8
 555 0092 0022     		movs	r2, #0
 556 0094 1A70     		strb	r2, [r3]
 557              	.L58:
 199:Core/Src/main.c ****         }
 200:Core/Src/main.c ****         if(click==1)
 558              		.loc 1 200 9 is_stmt 1 view .LVU146
 559              		.loc 1 200 17 is_stmt 0 view .LVU147
 560 0096 124B     		ldr	r3, .L66+8
 561 0098 1B78     		ldrb	r3, [r3]	@ zero_extendqisi2
 562              		.loc 1 200 11 view .LVU148
 563 009a 012B     		cmp	r3, #1
 564 009c 0CD0     		beq	.L65
 565              	.L59:
 148:Core/Src/main.c ****     {
 566              		.loc 1 148 5 is_stmt 1 view .LVU149
 150:Core/Src/main.c ****         {
 567              		.loc 1 150 9 view .LVU150
 150:Core/Src/main.c ****         {
 568              		.loc 1 150 12 is_stmt 0 view .LVU151
 569 009e 0F4B     		ldr	r3, .L66+4
 570 00a0 1B69     		ldr	r3, [r3, #16]
 150:Core/Src/main.c ****         {
 571              		.loc 1 150 11 view .LVU152
 572 00a2 13F4807F 		tst	r3, #256
 573 00a6 AFD1     		bne	.L49
 152:Core/Src/main.c ****             {
 574              		.loc 1 152 13 is_stmt 1 view .LVU153
 152:Core/Src/main.c ****             {
 575              		.loc 1 152 20 is_stmt 0 view .LVU154
 576 00a8 0B4B     		ldr	r3, .L66
 577 00aa 1B78     		ldrb	r3, [r3]	@ zero_extendqisi2
 152:Core/Src/main.c ****             {
 578              		.loc 1 152 15 view .LVU155
 579 00ac 022B     		cmp	r3, #2
 580 00ae AED0     		beq	.L50
 154:Core/Src/main.c ****             }
 581              		.loc 1 154 17 is_stmt 1 view .LVU156
 154:Core/Src/main.c ****             }
 582              		.loc 1 154 21 is_stmt 0 view .LVU157
 583 00b0 094B     		ldr	r3, .L66
 584 00b2 0122     		movs	r2, #1
 585 00b4 1A70     		strb	r2, [r3]
ARM GAS  C:\Users\LENOVO~1\AppData\Local\Temp\cceA4bBt.s 			page 16


 586 00b6 AAE7     		b	.L50
 587              	.L65:
 201:Core/Src/main.c ****         {
 202:Core/Src/main.c ****             click=2;
 588              		.loc 1 202 13 is_stmt 1 view .LVU158
 589              		.loc 1 202 18 is_stmt 0 view .LVU159
 590 00b8 094B     		ldr	r3, .L66+8
 591 00ba 0222     		movs	r2, #2
 592 00bc 1A70     		strb	r2, [r3]
 203:Core/Src/main.c ****             if(start)
 593              		.loc 1 203 13 is_stmt 1 view .LVU160
 594              		.loc 1 203 16 is_stmt 0 view .LVU161
 595 00be 0B4B     		ldr	r3, .L66+20
 596 00c0 1B78     		ldrb	r3, [r3]	@ zero_extendqisi2
 597              		.loc 1 203 15 view .LVU162
 598 00c2 2BB1     		cbz	r3, .L60
 204:Core/Src/main.c ****             {
 205:Core/Src/main.c ****                 start=0;
 599              		.loc 1 205 17 is_stmt 1 view .LVU163
 600              		.loc 1 205 22 is_stmt 0 view .LVU164
 601 00c4 094B     		ldr	r3, .L66+20
 602 00c6 0022     		movs	r2, #0
 603 00c8 1A70     		strb	r2, [r3]
 206:Core/Src/main.c ****                 Start();
 604              		.loc 1 206 17 is_stmt 1 view .LVU165
 605 00ca FFF7FEFF 		bl	Start
 606              	.LVL38:
 607 00ce E6E7     		b	.L59
 608              	.L60:
 207:Core/Src/main.c ****             }
 208:Core/Src/main.c ****             else
 209:Core/Src/main.c ****             {
 210:Core/Src/main.c ****                 Click();
 609              		.loc 1 210 17 view .LVU166
 610 00d0 FFF7FEFF 		bl	Click
 611              	.LVL39:
 612 00d4 E3E7     		b	.L59
 613              	.L67:
 614 00d6 00BF     		.align	2
 615              	.L66:
 616 00d8 00000000 		.word	flag
 617 00dc 00080240 		.word	1073874944
 618 00e0 00000000 		.word	click
 619 00e4 00000000 		.word	count
 620 00e8 00000000 		.word	vibor
 621 00ec 00000000 		.word	start
 622              		.cfi_endproc
 623              	.LFE133:
 625              		.global	start
 626              		.section	.data.start,"aw"
 629              	start:
 630 0000 01       		.byte	1
 631              		.global	click
 632              		.section	.bss.click,"aw",%nobits
 635              	click:
 636 0000 00       		.space	1
 637              		.global	count
ARM GAS  C:\Users\LENOVO~1\AppData\Local\Temp\cceA4bBt.s 			page 17


 638              		.section	.data.count,"aw"
 641              	count:
 642 0000 01       		.byte	1
 643              		.global	vibor
 644              		.section	.data.vibor,"aw"
 647              	vibor:
 648 0000 01       		.byte	1
 649              		.global	flag
 650              		.section	.bss.flag,"aw",%nobits
 653              	flag:
 654 0000 00       		.space	1
 655              		.text
 656              	.Letext0:
 657              		.file 2 "C:/MK/Tools/xpack-arm-none-eabi-gcc-13.2.1-1.1/arm-none-eabi/include/machine/_default_typ
 658              		.file 3 "C:/MK/Tools/xpack-arm-none-eabi-gcc-13.2.1-1.1/arm-none-eabi/include/sys/_stdint.h"
 659              		.file 4 "CMSIS/Devices/STM32F4xx/Inc/STM32F429xx/stm32f429xx.h"
 660              		.file 5 "Core/Inc/init.h"
ARM GAS  C:\Users\LENOVO~1\AppData\Local\Temp\cceA4bBt.s 			page 18


DEFINED SYMBOLS
                            *ABS*:00000000 main.c
C:\Users\LENOVO~1\AppData\Local\Temp\cceA4bBt.s:21     .text.Diod:00000000 $t
C:\Users\LENOVO~1\AppData\Local\Temp\cceA4bBt.s:27     .text.Diod:00000000 Diod
C:\Users\LENOVO~1\AppData\Local\Temp\cceA4bBt.s:43     .text.Diod:0000000a $d
C:\Users\LENOVO~1\AppData\Local\Temp\cceA4bBt.s:49     .text.Diod:00000010 $t
C:\Users\LENOVO~1\AppData\Local\Temp\cceA4bBt.s:152    .text.Diod:00000090 $d
C:\Users\LENOVO~1\AppData\Local\Temp\cceA4bBt.s:158    .text.Start:00000000 $t
C:\Users\LENOVO~1\AppData\Local\Temp\cceA4bBt.s:164    .text.Start:00000000 Start
C:\Users\LENOVO~1\AppData\Local\Temp\cceA4bBt.s:307    .text.Start:000000ac $d
C:\Users\LENOVO~1\AppData\Local\Temp\cceA4bBt.s:647    .data.vibor:00000000 vibor
C:\Users\LENOVO~1\AppData\Local\Temp\cceA4bBt.s:312    .text.Click:00000000 $t
C:\Users\LENOVO~1\AppData\Local\Temp\cceA4bBt.s:318    .text.Click:00000000 Click
C:\Users\LENOVO~1\AppData\Local\Temp\cceA4bBt.s:412    .text.Click:00000050 $d
C:\Users\LENOVO~1\AppData\Local\Temp\cceA4bBt.s:641    .data.count:00000000 count
C:\Users\LENOVO~1\AppData\Local\Temp\cceA4bBt.s:418    .text.main:00000000 $t
C:\Users\LENOVO~1\AppData\Local\Temp\cceA4bBt.s:424    .text.main:00000000 main
C:\Users\LENOVO~1\AppData\Local\Temp\cceA4bBt.s:616    .text.main:000000d8 $d
C:\Users\LENOVO~1\AppData\Local\Temp\cceA4bBt.s:653    .bss.flag:00000000 flag
C:\Users\LENOVO~1\AppData\Local\Temp\cceA4bBt.s:635    .bss.click:00000000 click
C:\Users\LENOVO~1\AppData\Local\Temp\cceA4bBt.s:629    .data.start:00000000 start
C:\Users\LENOVO~1\AppData\Local\Temp\cceA4bBt.s:636    .bss.click:00000000 $d
C:\Users\LENOVO~1\AppData\Local\Temp\cceA4bBt.s:654    .bss.flag:00000000 $d

UNDEFINED SYMBOLS
GPIO_Ini
